// Jest Snapshot v1, https://goo.gl/fbAQLP

exports[`LayoutHeader matches snapshot 1`] = `
<div style="height:134px;width:100%;background:url(header.jpg);background-repeat:no-repeat;background-size:cover"
     data-reactroot
>
  <div style="padding:1.3em 1em;font-size:32px;font-weight:bold;color:#19476A">
    Header
  </div>
</div>
`;
