// Jest Snapshot v1, https://goo.gl/fbAQLP

exports[`PagesCases should match snapshot 1`] = `
<div data-reactroot>
  <div class="justify-content-md-center row">
    <h1>
      <strong>
        Cases
      </strong>
    </h1>
    <button type="button"
            style="margin:10px;border-radius:10px;height:min-content"
            class="btn btn-primary btn-sm"
    >
      Add
    </button>
  </div>
</div>
`;
